Runtime: precision=bf16 tf32=True cudnn_benchmark=True
Character tokenizer (vocab=29)
Paper fidelity: NOT exact
  - loss_type='ctc' (expected 'rnnt')
  - tokenizer='char' (expected 'sp')
  - optimizer='adamw' (expected 'adam')
  - lr_schedule='cosine' (expected 'paper')
  - d_model=256 (expected 512)
  - num_heads=4 (expected 8)
  - num_layers=8 (expected 17)
  - warmup_steps=1500 (expected 10000)
  - variational_noise=0.0 (expected 0.075)
  - train_splits=['train-clean-100'] (expected ['train-clean-100', 'train-clean-360', 'train-other-500'])
  - vocab_size=29 (expected 1024 incl blank)
Device: cuda
Distributed: disabled
Loss type: ctc
Loading train splits: ['train-clean-100'] | val: dev-clean
Model parameters: 14.1M

Scheduler: cosine | peak_lr=6.00e-04 | warmup=1500
Optimizer: adamw | fused=False | precision=bf16
DataLoader: workers=8 prefetch=1 pin_memory=True persistent_workers=True
Streaming encoder: disabled
Eval/checkpoint cadence: eval_every=1 save_every=1
torch.compile: False (max-autotune-no-cudagraphs)
Variational noise: 0.0
Effective batch: 256 x 1 x 1 = 256

============================================================
Epoch 1/1
============================================================
  step   100 | loss 3.0388 | lr 4.00e-05

Epoch 1: train_loss=3.0204 val_loss=2.9011 val_wer=100.72% time=145s
  ** New best WER: 100.72% **

Training complete. Best WER: 100.72%
WALL_SEC=148.114
